Microchip MPLAB XC8 Compiler V3.10

Linker command line:

-W-3 \
  --edf=C:\Program Files\Microchip\xc8\v3.10\pic\dat\20250813170317_en.msgs \
  -cn -h+dist/default/production\Digital_Timer.X.production.sym \
  --cmf=dist/default/production\Digital_Timer.X.production.cmf -z -Q16F877A \
  -oC:\Users\HP\AppData\Local\Temp\xcAsqbs.0\driver_tmp_3.o \
  --defsym=__MPLAB_BUILD=1 --fixupoverflow=error \
  -Mdist/default/production/Digital_Timer.X.production.map \
  --md=C:\Users\HP\AppData\Local\Temp\xcAsqbs.0\driver_tmp_0.dat -E1 \
  -ver=XC8 Compiler -ACODE=00h-07FFhx4 -ASTRCODE=00h-01FFFh \
  -ASTRING=00h-0FFhx32 -ACONST=00h-0FFhx32 -AENTRY=00h-0FFhx32 \
  -ACOMMON=070h-07Fh -ABANK0=020h-06Fh -ABANK1=0A0h-0EFh \
  -ABANK2=0110h-016Fh -ABANK3=0190h-01EFh \
  -ARAM=020h-06Fh,0A0h-0EFh,0110h-016Fh,0190h-01EFh \
  -AABS1=020h-07Fh,0A0h-0EFh,0110h-016Fh,0190h-01EFh -ASFR0=00h-01Fh \
  -ASFR1=080h-09Fh -ASFR2=0100h-010Fh -ASFR3=0180h-018Fh \
  -ACONFIG=02007h-02007h -DCONFIG=2 -AIDLOC=02000h-02003h -DIDLOC=2 \
  -AEEDATA=00h-0FFh/02100h -peeprom_data=EEDATA -DEEDATA=2 -DCODE=2 \
  -DSTRCODE=2 -DSTRING=2 -DCONST=2 -DENTRY=2 \
  -preset_vec=00h,intentry=04h,sivt,init,end_init -ppowerup=CODE \
  -pcinit=CODE -pfunctab=ENTRY -k \
  C:\Users\HP\AppData\Local\Temp\xcAsqbs.0\driver_tmp_12.o \
  dist/default/production\Digital_Timer.X.production.o 

Object code version is 3.11

Machine type is 16F877A



                Name                               Link     Load   Length Selector   Space Scale
C:\Users\HP\AppData\Local\Temp\xcAsqbs.0\driver_tmp_12.o
                end_init                              C        C        3        8       0
                reset_vec                             0        0        3        0       0
                config                             2007     2007        1        0       4
dist/default/production\Digital_Timer.X.production.o
                cinit                                 F        F       30        8       0
                intentry                              4        4        8        8       0
                config                             2007     2007        1        0       4
                text38                             1280     1280       26     2500       0
                text37                             14CA     14CA       65     2994       0
                text36                             140E     140E       59     281C       0
                text35                             1380     1380       36     2700       0
                text34                             125B     125B       25     24B6       0
                text33                             1207     1207       15     240E       0
                text32                             11E4     11E4       11     23C8       0
                text31                              7ED      7ED       13        8       0
                text30                             1595     1595       6C     2B2A       0
                text29                              D49      D49      2B7     1A92       0
                text28                             12F6     12F6       2B     25EC       0
                text27                             11CA     11CA        D     2394       0
                text26                             123A     123A       21     2474       0
                text25                             1197     1197        9     232E       0
                text24                             11A0     11A0        9     2340       0
                text23                             11A9     11A9        B     2352       0
                text22                             11B4     11B4        B     2368       0
                text21                             1321     1321       2B     2642       0
                text20                             1696     1696       9D     2D2C       0
                text19                              98C      98C       E0     1318       0
                text18                              8B1      8B1       DB     1162       0
                text17                              A6C      A6C      102     14D8       0
                text16                             1601     1601       95     2C02       0
                text15                             1467     1467       63     28CE       0
                text14                             11BF     11BF        B     237E       0
                text13                             1189     1189        6     2312       0
                text12                             121C     121C       1E     2438       0
                text11                             11F5     11F5       12     23EA       0
                text10                             152F     152F       66     2A5E       0
                text9                              134C     134C       34     2698       0
                text8                              11D7     11D7        D     23AE       0
                text7                              12A6     12A6       26     254C       0
                text6                              12CC     12CC       2A     2598       0
                text5                               801      801       B0     1002       0
                text4                               67A      67A      173        8       0
                text3                                3F       3F      63B        8       0
                text2                              13B6     13B6       58     276C       0
                text1                               B6E      B6E      1DB     16DC       0
                maintext                           1733     1733       CD     2E66       0
                cstackBANK0                          50       50       19       20       1
                cstackCOMMON                         70       70        9       70       1
                clrtext                            118F     118F        8     231E       0
                bssBANK1                             A0       A0       18       A0       1
                dataBANK0                            69       69        4       20       1
                bssBANK0                             20       20       30       20       1
                bssCOMMON                            79       79        3       70       1
                strings                            1000     1000       BE     2000       0
                idataBANK0                         1185     1185        4     230A       0

TOTAL           Name                               Link     Load   Length     Space
        CLASS   CODE           
                end_init                              C        C        3         0
                cinit                                 F        F       30         0
                intentry                              4        4        8         0
                reset_vec                             0        0        3         0
                text38                             1280     1280       26         0
                text37                             14CA     14CA       65         0
                text36                             140E     140E       59         0
                text35                             1380     1380       36         0
                text34                             125B     125B       25         0
                text33                             1207     1207       15         0
                text32                             11E4     11E4       11         0
                text31                              7ED      7ED       13         0
                text30                             1595     1595       6C         0
                text29                              D49      D49      2B7         0
                text28                             12F6     12F6       2B         0
                text27                             11CA     11CA        D         0
                text26                             123A     123A       21         0
                text25                             1197     1197        9         0
                text24                             11A0     11A0        9         0
                text23                             11A9     11A9        B         0
                text22                             11B4     11B4        B         0
                text21                             1321     1321       2B         0
                text20                             1696     1696       9D         0
                text19                              98C      98C       E0         0
                text18                              8B1      8B1       DB         0
                text17                              A6C      A6C      102         0
                text16                             1601     1601       95         0
                text15                             1467     1467       63         0
                text14                             11BF     11BF        B         0
                text13                             1189     1189        6         0
                text12                             121C     121C       1E         0
                text11                             11F5     11F5       12         0
                text10                             152F     152F       66         0
                text9                              134C     134C       34         0
                text8                              11D7     11D7        D         0
                text7                              12A6     12A6       26         0
                text6                              12CC     12CC       2A         0
                text5                               801      801       B0         0
                text4                               67A      67A      173         0
                text3                                3F       3F      63B         0
                text2                              13B6     13B6       58         0
                text1                               B6E      B6E      1DB         0
                maintext                           1733     1733       CD         0
                clrtext                            118F     118F        8         0
                idataBANK0                         1185     1185        4         0

        CLASS   STRCODE        

        CLASS   STRING         
                strings                            1000     1000       BE         0

        CLASS   CONST          

        CLASS   ENTRY          

        CLASS   COMMON         
                cstackCOMMON                         70       70        9         1
                bssCOMMON                            79       79        3         1

        CLASS   BANK0          
                cstackBANK0                          50       50       19         1
                dataBANK0                            69       69        4         1
                bssBANK0                             20       20       30         1

        CLASS   BANK1          
                bssBANK1                             A0       A0       18         1

        CLASS   BANK2          

        CLASS   BANK3          

        CLASS   RAM            

        CLASS   ABS1           
                abs_s1                               7E       7E        2         1

        CLASS   SFR0           

        CLASS   SFR1           

        CLASS   SFR2           

        CLASS   SFR3           

        CLASS   CONFIG         
                config                             2007     2007        1         4

        CLASS   IDLOC          

        CLASS   EEDATA         

        CLASS   HEAP           

        CLASS   STACK          



SEGMENTS        Name                           Load    Length   Top    Selector   Space  Class     Delta

                reset_vec                      000000  000003  000003         0       0  CODE        2
                intentry                       000004  0007FC  000800         8       0  CODE        2
                bssBANK0                       000020  00004D  00006D        20       1  BANK0       1
                cstackCOMMON                   000070  00000C  00007C        70       1  COMMON      1
                bssBANK1                       0000A0  000018  0000B8        A0       1  BANK1       1
                text5                          000801  0000B0  0008B1      1002       0  CODE        2
                text18                         0008B1  0000DB  00098C      1162       0  CODE        2
                text19                         00098C  0000E0  000A6C      1318       0  CODE        2
                text17                         000A6C  000102  000B6E      14D8       0  CODE        2
                text1                          000B6E  0001DB  000D49      16DC       0  CODE        2
                text29                         000D49  0002B7  001000      1A92       0  CODE        2
                strings                        001000  0000BE  0010BE      2000       0  STRING      2
                idataBANK0                     001185  000004  001189      230A       0  CODE        2
                text13                         001189  000006  00118F      2312       0  CODE        2
                clrtext                        00118F  000008  001197      231E       0  CODE        2
                text25                         001197  000009  0011A0      232E       0  CODE        2
                text24                         0011A0  000009  0011A9      2340       0  CODE        2
                text23                         0011A9  00000B  0011B4      2352       0  CODE        2
                text22                         0011B4  00000B  0011BF      2368       0  CODE        2
                text14                         0011BF  00000B  0011CA      237E       0  CODE        2
                text27                         0011CA  00000D  0011D7      2394       0  CODE        2
                text8                          0011D7  00000D  0011E4      23AE       0  CODE        2
                text32                         0011E4  000011  0011F5      23C8       0  CODE        2
                text11                         0011F5  000012  001207      23EA       0  CODE        2
                text33                         001207  000015  00121C      240E       0  CODE        2
                text12                         00121C  00001E  00123A      2438       0  CODE        2
                text26                         00123A  000021  00125B      2474       0  CODE        2
                text34                         00125B  000025  001280      24B6       0  CODE        2
                text38                         001280  000026  0012A6      2500       0  CODE        2
                text7                          0012A6  000026  0012CC      254C       0  CODE        2
                text6                          0012CC  00002A  0012F6      2598       0  CODE        2
                text28                         0012F6  00002B  001321      25EC       0  CODE        2
                text21                         001321  00002B  00134C      2642       0  CODE        2
                text9                          00134C  000034  001380      2698       0  CODE        2
                text35                         001380  000036  0013B6      2700       0  CODE        2
                text2                          0013B6  000058  00140E      276C       0  CODE        2
                text36                         00140E  000059  001467      281C       0  CODE        2
                text15                         001467  000063  0014CA      28CE       0  CODE        2
                text37                         0014CA  000065  00152F      2994       0  CODE        2
                text10                         00152F  000066  001595      2A5E       0  CODE        2
                text30                         001595  00006C  001601      2B2A       0  CODE        2
                text16                         001601  000095  001696      2C02       0  CODE        2
                text20                         001696  00009D  001733      2D2C       0  CODE        2
                maintext                       001733  0000CD  001800      2E66       0  CODE        2


UNUSED ADDRESS RANGES

        Name                Unused          Largest block    Delta
        BANK0            006D-006F              3           1
        BANK1            00B8-00EF             38           1
        BANK2            0110-016F             60           1
        BANK3            0190-01EF             60           1
        CODE             0003-0003              1           2
                         0800-0800              1
                         10BE-1184             C7
                         1800-1FFF            800
        COMMON           007C-007D              2           1
        CONST            0003-0003              1           2
                         0800-0800              1
                         10BE-1184             42
                         1800-1FFF            100
        EEDATA           2100-21FF            100           2
        ENTRY            0003-0003              1           2
                         0800-0800              1
                         10BE-1184             42
                         1800-1FFF            100
        IDLOC            2000-2003              4           2
        RAM              006D-006F              3           1
                         00B8-00EF             38
                         0110-016F             60
                         0190-01EF             60
        SFR0             0000-001F             20           1
        SFR1             0080-009F             20           1
        SFR2             0100-010F             10           1
        SFR3             0180-018F             10           1
        STRCODE          0003-0003              1           2
                         0800-0800              1
                         10BE-1184             C7
                         1800-1FFF            800
        STRING           0003-0003              1           2
                         0800-0800              1
                         10BE-1184             42
                         1800-1FFF            100

                                  Symbol Table

?___awdiv                        cstackCOMMON 0075
?___awmod                        cstackCOMMON 0075
?___lldiv                        cstackBANK0  0050
?___wmul                         cstackCOMMON 0075
?_get_next_alarm                 cstackBANK0  0052
_ACKDT                           (abs)        048D
_ACKEN                           (abs)        048C
_ACKSTAT                         (abs)        048E
_GIE                             (abs)        005F
_PEIE                            (abs)        005E
_PEN                             (abs)        048A
_PORTB                           (abs)        0006
_PORTD                           (abs)        0008
_PR2                             (abs)        0092
_RCEN                            (abs)        048B
_RE1                             (abs)        0049
_RE2                             (abs)        004A
_R_nW                            (abs)        04A2
_SEN                             (abs)        0488
_SSPADD                          (abs)        0093
_SSPBUF                          (abs)        0013
_SSPCON2                         (abs)        0091
_SSPEN                           (abs)        00A5
_SSPM3                           (abs)        00A3
_T2CKPS0                         (abs)        0090
_T2CKPS1                         (abs)        0091
_TMR2IE                          (abs)        0461
_TMR2IF                          (abs)        0061
_TMR2ON                          (abs)        0092
_TRISB                           (abs)        0086
_TRISD                           (abs)        0088
_TRISE1                          (abs)        0449
_TRISE2                          (abs)        044A
__H__absolute__                  __absolute__ 0000
__Habs1                          abs1         0000
__Hbank0                         bank0        0000
__Hbank1                         bank1        0000
__Hbank2                         bank2        0000
__Hbank3                         bank3        0000
__HbssBANK0                      bssBANK0     0000
__HbssBANK1                      bssBANK1     0000
__HbssCOMMON                     bssCOMMON    0000
__Hcinit                         cinit        003F
__Hclrtext                       clrtext      0000
__Hcode                          code         0000
__Hcommon                        common       0000
__Hconfig                        config       2008
__HcstackBANK0                   cstackBANK0  0000
__HcstackCOMMON                  cstackCOMMON 0000
__HdataBANK0                     dataBANK0    0000
__Heeprom_data                   eeprom_data  0000
__Hend_init                      end_init     000F
__Hfunctab                       functab      0000
__Hheap                          heap         0000
__HidataBANK0                    idataBANK0   0000
__Hinit                          init         000C
__Hintentry                      intentry     000C
__Hmaintext                      maintext     0000
__Hpowerup                       powerup      0000
__Hram                           ram          0000
__Hreset_vec                     reset_vec    0003
__Hsfr0                          sfr0         0000
__Hsfr1                          sfr1         0000
__Hsfr2                          sfr2         0000
__Hsfr3                          sfr3         0000
__Hsivt                          sivt         000C
__Hspace_0                       (abs)        1800
__Hspace_1                       (abs)        00B8
__Hspace_2                       (abs)        0000
__Hspace_3                       (abs)        0000
__Hspace_4                       (abs)        400F
__Hstack                         stack        0000
__Hstrings                       strings      0000
__Htext                          text         0000
__L__absolute__                  __absolute__ 0000
__Labs1                          abs1         0000
__Lbank0                         bank0        0000
__Lbank1                         bank1        0000
__Lbank2                         bank2        0000
__Lbank3                         bank3        0000
__LbssBANK0                      bssBANK0     0000
__LbssBANK1                      bssBANK1     0000
__LbssCOMMON                     bssCOMMON    0000
__Lcinit                         cinit        000F
__Lclrtext                       clrtext      0000
__Lcode                          code         0000
__Lcommon                        common       0000
__Lconfig                        config       0000
__LcstackBANK0                   cstackBANK0  0000
__LcstackCOMMON                  cstackCOMMON 0000
__LdataBANK0                     dataBANK0    0000
__Leeprom_data                   eeprom_data  0000
__Lend_init                      end_init     000C
__Lfunctab                       functab      0000
__Lheap                          heap         0000
__LidataBANK0                    idataBANK0   0000
__Linit                          init         000C
__Lintentry                      intentry     0004
__Lmaintext                      maintext     0000
__Lpowerup                       powerup      0000
__Lram                           ram          0000
__Lreset_vec                     reset_vec    0000
__Lsfr0                          sfr0         0000
__Lsfr1                          sfr1         0000
__Lsfr2                          sfr2         0000
__Lsfr3                          sfr3         0000
__Lsivt                          sivt         000C
__Lspace_0                       (abs)        0000
__Lspace_1                       (abs)        0000
__Lspace_2                       (abs)        0000
__Lspace_3                       (abs)        0000
__Lspace_4                       (abs)        0000
__Lstack                         stack        0000
__Lstrings                       strings      0000
__Ltext                          text         0000
__S0                             (abs)        1800
__S1                             (abs)        00B8
__S3                             (abs)        0000
___awdiv                         text37       14CA
___awdiv@counter                 cstackBANK0  0050
___awdiv@dividend                cstackCOMMON 0077
___awdiv@divisor                 cstackCOMMON 0075
___awdiv@quotient                cstackBANK0  0052
___awdiv@sign                    cstackBANK0  0051
___awmod                         text36       140E
___awmod@counter                 cstackBANK0  0050
___awmod@dividend                cstackCOMMON 0077
___awmod@divisor                 cstackCOMMON 0075
___awmod@sign                    cstackBANK0  0051
___bmul                          text31       07ED
___bmul@multiplicand             cstackCOMMON 0072
___bmul@multiplier               cstackCOMMON 0074
___bmul@product                  cstackCOMMON 0073
___heap_hi                       (abs)        0000
___heap_lo                       (abs)        0000
___int_sp                        stack        0000
___int_stack_hi                  stack        0000
___int_stack_lo                  stack        0000
___latbits                       (abs)        0002
___lldiv                         text10       152F
___lldiv@counter                 cstackCOMMON 0077
___lldiv@dividend                cstackBANK0  0054
___lldiv@divisor                 cstackBANK0  0050
___lldiv@quotient                cstackCOMMON 0073
___sp                            stack        0000
___stack_hi                      stack        0000
___stack_lo                      stack        0000
___stackhi                       (abs)        0000
___stacklo                       (abs)        0000
___wmul                          text28       12F6
___wmul@multiplicand             cstackCOMMON 0077
___wmul@multiplier               cstackCOMMON 0075
___wmul@product                  cstackBANK0  0050
__end_of___awdiv                 text37       152F
__end_of___awmod                 text36       1467
__end_of___bmul                  text31       0800
__end_of___lldiv                 text10       1595
__end_of___wmul                  text28       1321
__end_of__initialization         cinit        003B
__end_of__stringtab              strings      1006
__end_of_add_edit_alarm          text29       1000
__end_of_clcd_print              text34       1280
__end_of_clcd_putch              text33       121C
__end_of_clcd_write              text35       13B6
__end_of_clear_screen            text32       11F5
__end_of_default_screen          text17       0B6E
__end_of_delete_alarm            text2        140E
__end_of_display_config_menu     text16       1696
__end_of_display_next_event      text18       098C
__end_of_extract_time_date       text5        08B1
__end_of_get_next_alarm          text19       0A6C
__end_of_get_time                text20       1733
__end_of_i2c_read                text26       125B
__end_of_i2c_rep_start           text23       11B4
__end_of_i2c_start               text25       11A0
__end_of_i2c_stop                text24       11A9
__end_of_i2c_wait_for_idle       text27       11D7
__end_of_i2c_write               text22       11BF
__end_of_init_clcd               text14       11CA
__end_of_init_config             text7        12CC
__end_of_init_digital_keypad     text13       118F
__end_of_init_display_controller text15       14CA
__end_of_init_ds1307             text11       1207
__end_of_init_i2c                text9        1380
__end_of_init_timer2             text8        11E4
__end_of_isr                     text38       12A6
__end_of_main                    maintext     1800
__end_of_read_digital_keypad     text6        12F6
__end_of_read_ds1307             text21       134C
__end_of_save_alarm              text30       1601
__end_of_save_time_date          text4        07ED
__end_of_set_time_date           text3        067A
__end_of_set_view_alarm          text1        0D49
__end_of_write_ds1307            text12       123A
__initialization                 cinit        000F
__pbssBANK0                      bssBANK0     0020
__pbssBANK1                      bssBANK1     00A0
__pbssCOMMON                     bssCOMMON    0079
__pcstackBANK0                   cstackBANK0  0050
__pcstackCOMMON                  cstackCOMMON 0070
__pdataBANK0                     dataBANK0    0069
__pidataBANK0                    idataBANK0   1185
__pintentry                      intentry     0004
__pmaintext                      maintext     1733
__pstrings                       strings      1000
__ptext1                         text1        0B6E
__ptext10                        text10       152F
__ptext11                        text11       11F5
__ptext12                        text12       121C
__ptext13                        text13       1189
__ptext14                        text14       11BF
__ptext15                        text15       1467
__ptext16                        text16       1601
__ptext17                        text17       0A6C
__ptext18                        text18       08B1
__ptext19                        text19       098C
__ptext2                         text2        13B6
__ptext20                        text20       1696
__ptext21                        text21       1321
__ptext22                        text22       11B4
__ptext23                        text23       11A9
__ptext24                        text24       11A0
__ptext25                        text25       1197
__ptext26                        text26       123A
__ptext27                        text27       11CA
__ptext28                        text28       12F6
__ptext29                        text29       0D49
__ptext3                         text3        003F
__ptext30                        text30       1595
__ptext31                        text31       07ED
__ptext32                        text32       11E4
__ptext33                        text33       1207
__ptext34                        text34       125B
__ptext35                        text35       1380
__ptext36                        text36       140E
__ptext37                        text37       14CA
__ptext38                        text38       1280
__ptext4                         text4        067A
__ptext5                         text5        0801
__ptext6                         text6        12CC
__ptext7                         text7        12A6
__ptext8                         text8        11D7
__ptext9                         text9        134C
__stringbase                     strings      1005
__stringtab                      strings      1000
_add_edit_alarm                  text29       0D49
_alarm_count                     bssBANK0     0046
_alarm_pos                       bssCOMMON    0079
_alarms                          bssBANK1     00A0
_blink_flag                      bssBANK0     004A
_clcd_print                      text34       125B
_clcd_putch                      text33       1207
_clcd_write                      text35       1380
_clear_screen                    text32       11E4
_clock_reg                       bssBANK0     0038
_date                            bssBANK0     0020
_dd                              bssBANK0     0049
_default_screen                  text17       0A6C
_delay                           bssBANK0     003E
_delete_alarm                    text2        13B6
_display_config_menu             text16       1601
_display_next_event              text18       08B1
_edit_mode                       bssBANK0     0045
_extract_time_date               text5        0801
_field                           bssCOMMON    007A
_get_next_alarm                  text19       098C
_get_time                        text20       1696
_hr                              bssBANK0     004D
_i2c_read                        text26       123A
_i2c_rep_start                   text23       11A9
_i2c_start                       text25       1197
_i2c_stop                        text24       11A0
_i2c_wait_for_idle               text27       11CA
_i2c_write                       text22       11B4
_init_clcd                       text14       11BF
_init_config                     text7        12A6
_init_digital_keypad             text13       1189
_init_display_controller         text15       1467
_init_ds1307                     text11       11F5
_init_i2c                        text9        134C
_init_timer2                     text8        11D7
_isr                             text38       1280
_main                            maintext     1733
_min                             bssBANK0     004C
_mm                              bssBANK0     0048
_noon                            bssBANK0     004E
_read_digital_keypad             text6        12CC
_read_ds1307                     text21       1321
_return_time                     bssBANK0     004F
_save_alarm                      text30       1595
_save_time_date                  text4        067A
_sec                             bssCOMMON    007B
_set_time_date                   text3        003F
_set_view_alarm                  text1        0B6E
_time                            bssBANK0     0031
_type                            bssBANK0     004B
_write_ds1307                    text12       121C
_yy                              bssBANK0     0047
add_edit_alarm@key               cstackBANK0  0056
add_edit_alarm@reset_flag        cstackBANK0  0058
add_edit_alarm@screen_flag       cstackBANK0  0057
btemp                            (abs)        007E
btemp0                           (abs)        007E
btemp1                           (abs)        007F
clcd_print@addr                  cstackCOMMON 0077
clcd_print@str                   cstackCOMMON 0076
clcd_putch@addr                  cstackBANK0  0054
clcd_putch@data                  cstackBANK0  0055
clcd_write@byte                  cstackCOMMON 0075
clcd_write@mode                  cstackCOMMON 0072
clear_ram0                       clrtext      118F
delete_alarm@i                   cstackBANK0  0051
delete_alarm@index               cstackBANK0  0050
display_config_menu@key          cstackBANK0  0058
display_config_menu@menu         dataBANK0    0069
display_config_menu@menu_pos     bssBANK0     0044
display_config_menu@reset_flag   cstackBANK0  0057
display_config_menu@screen_flag  cstackBANK0  0056
display_next_event@index         cstackBANK0  0064
end_of_initialization            cinit        003B
get_next_alarm@alarm_time        cstackBANK0  0059
get_next_alarm@cur_time          cstackBANK0  0057
get_next_alarm@diff              cstackBANK0  005F
get_next_alarm@i                 cstackBANK0  0061
get_next_alarm@min_diff          cstackBANK0  005B
get_next_alarm@next_alarm        cstackBANK0  005D
i2c_read@ack                     cstackCOMMON 0072
i2c_read@data                    cstackCOMMON 0073
i2c_write@data                   cstackCOMMON 0072
init_ds1307@dummy                cstackCOMMON 0076
init_i2c@baud                    cstackBANK0  0058
interrupt_function               intentry     0004
intlevel0                        functab      0000
intlevel1                        functab      0000
intlevel2                        functab      0000
intlevel3                        functab      0000
intlevel4                        functab      0000
intlevel5                        functab      0000
isr@count                        bssBANK0     0040
ltemp0a                          (abs)        0080
main@key                         cstackBANK0  0068
main@press_time                  bssBANK0     0042
main@prev_key                    dataBANK0    006C
main@reset_flag                  cstackBANK0  0066
main@screen_flag                 cstackBANK0  0067
read_digital_keypad@mode         cstackCOMMON 0073
read_digital_keypad@once         dataBANK0    006B
read_ds1307@addr                 cstackCOMMON 0074
read_ds1307@data                 cstackCOMMON 0075
reset_vec                        reset_vec    0000
saved_w                          (abs)        007E
set_time_date@key                cstackBANK0  005B
set_time_date@reset_flag         cstackBANK0  005D
set_time_date@screen_flag        cstackBANK0  005C
set_view_alarm@key               cstackBANK0  0056
set_view_alarm@reset_flag        cstackBANK0  0058
set_view_alarm@screen_flag       cstackBANK0  0057
start                            init         000C
start_initialization             cinit        000F
ttemp0a                          (abs)        007F
write_ds1307@addr                cstackCOMMON 0074
write_ds1307@data                cstackCOMMON 0073
wtemp0                           (abs)        007E
wtemp0a                          (abs)        007F


MODULE INFORMATION

Module		Function		Class		Link	Load	Size
timers.c
		_init_timer2   		CODE           	11D7	0000	13

timers.c estimated size: 13

digital_keypad.c
		_init_digital_keypad		CODE           	1189	0000	6
		_read_digital_keypad		CODE           	12CC	0000	42

digital_keypad.c estimated size: 48

C:\Program Files\Microchip\xc8\v3.10\pic\sources\c99\common\awmod.c
		___awmod       		CODE           	140E	0000	89

C:\Program Files\Microchip\xc8\v3.10\pic\sources\c99\common\awmod.c estimated size: 89

i2c.c
		_i2c_start     		CODE           	1197	0000	9
		_i2c_rep_start 		CODE           	11A9	0000	11
		_i2c_write     		CODE           	11B4	0000	11
		_i2c_stop      		CODE           	11A0	0000	9
		_i2c_read      		CODE           	123A	0000	33
		_init_i2c      		CODE           	134C	0000	52
		_i2c_wait_for_idle		CODE           	11CA	0000	13

i2c.c estimated size: 138

ds1307.c
		_read_ds1307   		CODE           	1321	0000	43
		_write_ds1307  		CODE           	121C	0000	30
		_init_ds1307   		CODE           	11F5	0000	18

ds1307.c estimated size: 91

C:\Program Files\Microchip\xc8\v3.10\pic\sources\c99\common\awdiv.c
		___awdiv       		CODE           	14CA	0000	101

C:\Program Files\Microchip\xc8\v3.10\pic\sources\c99\common\awdiv.c estimated size: 101

digital_timer.c
		_get_next_alarm		CODE           	098C	0000	224
		_add_edit_alarm		CODE           	0D49	0000	695
		_save_alarm    		CODE           	1595	0000	108
		_extract_time_date		CODE           	0801	0000	176
		_default_screen		CODE           	0A6C	0000	258
		_get_time      		CODE           	1696	0000	157
		_display_config_menu		CODE           	1601	0000	149
		_delete_alarm  		CODE           	13B6	0000	88
		_set_view_alarm		CODE           	0B6E	0000	475
		_set_time_date 		CODE           	003F	0000	1595
		_save_time_date		CODE           	067A	0000	371
		_display_next_event		CODE           	08B1	0000	219

digital_timer.c estimated size: 4515

C:\Program Files\Microchip\xc8\v3.10\pic\sources\c99\common\Umul8.c
		___bmul        		CODE           	07ED	0000	19

C:\Program Files\Microchip\xc8\v3.10\pic\sources\c99\common\Umul8.c estimated size: 19

isr.c
		_isr           		CODE           	1280	0000	38

isr.c estimated size: 38

shared
		__stringtab    		STRING         	1000	0000	6
		__initialization		CODE           	000F	0000	44

shared estimated size: 50

clcd.c
		_clcd_write    		CODE           	1380	0000	54
		_clear_screen  		CODE           	11E4	0000	17
		_clcd_print    		CODE           	125B	0000	37
		_clcd_putch    		CODE           	1207	0000	21
		_init_display_controller		CODE           	1467	0000	99
		_init_clcd     		CODE           	11BF	0000	11

clcd.c estimated size: 239

C:\Program Files\Microchip\xc8\v3.10\pic\sources\c99\common\__lldiv.c
		___lldiv       		CODE           	152F	0000	102

C:\Program Files\Microchip\xc8\v3.10\pic\sources\c99\common\__lldiv.c estimated size: 102

main.c
		_main          		CODE           	1733	0000	205
		_init_config   		CODE           	12A6	0000	38

main.c estimated size: 243

C:\Program Files\Microchip\xc8\v3.10\pic\sources\c99\common\Umul16.c
		___wmul        		CODE           	12F6	0000	43

C:\Program Files\Microchip\xc8\v3.10\pic\sources\c99\common\Umul16.c estimated size: 43

